SET_ERROR_CODE 0
SET_XMDF_PATH ./ram_ctrl_xmdf.tcl
SET_PARAMETER component_name ram_ctrl
SET_PARAMETER xml_input_file  ./ram_ctrl/mig.prj
